{
    "Only Download Unique Accessions": {
        "content": [
            {
                "0": [
                    
                ],
                "1": [
                    "SRR29462562.fastq.gz:md5,31506ee0f339cb6398dd326d5cb23b77"
                ],
                "paired": [
                    
                ],
                "unpaired": [
                    "SRR29462562.fastq.gz:md5,31506ee0f339cb6398dd326d5cb23b77"
                ]
            }
        ],
        "meta": {
            "nf-test": "0.9.2",
            "nextflow": "24.10.3"
        },
        "timestamp": "2025-02-06T14:30:58.015115283"
    },
    "Basic workflow": {
        "content": [
            {
                "0": [
                    
                ],
                "1": [
                    "SRR29462562.fastq.gz:md5,31506ee0f339cb6398dd326d5cb23b77"
                ],
                "paired": [
                    
                ],
                "unpaired": [
                    "SRR29462562.fastq.gz:md5,31506ee0f339cb6398dd326d5cb23b77"
                ]
            }
        ],
        "meta": {
            "nf-test": "0.9.2",
            "nextflow": "24.10.3"
        },
        "timestamp": "2025-02-06T14:29:57.053188058"
    }
}